 ch06n07

 Timestamp is 3f9cc8d5 (Sun Oct 26 23:27:17 2003)

 Preferred load address is 00400000

 Start         Length     Name                   Class
 0001:00000000 00001fe2H .text                   CODE
 0002:00000000 00000121H .rdata                  DATA
 0002:00000121 00000000H .edata                  DATA
 0003:00000000 00000b62H .data                   DATA
 0003:00000b64 00000275H .bss                    DATA
 0004:00000000 00000014H .idata$2                DATA
 0004:00000014 00000014H .idata$3                DATA
 0004:00000028 0000007cH .idata$4                DATA
 0004:000000a4 0000007cH .idata$5                DATA
 0004:00000120 00000292H .idata$6                DATA

  Address         Publics by Value              Rva+Base     Lib:Object

 0001:00000044       _main@0                    00401044 f   ch06n07.obj
 0001:00000071       _Write_Menu@0              00401071 f   ch06n07.obj
 0001:000000d6       _CMD_AND@0                 004010d6 f   ch06n07.obj
 0001:000000eb       _CMD_OR@0                  004010eb f   ch06n07.obj
 0001:00000100       _CMD_NOT@0                 00401100 f   ch06n07.obj
 0001:00000115       _CMD_XOR@0                 00401115 f   ch06n07.obj
 0001:00000164       _Clrscr@0                  00401164 f   irvine32:Irvine32.obj
 0001:00000229       _Crlf@0                    00401229 f   irvine32:Irvine32.obj
 0001:00000244       _Delay@0                   00401244 f   irvine32:Irvine32.obj
 0001:0000024d       _DumpMem@0                 0040124d f   irvine32:Irvine32.obj
 0001:0000031d       _DumpRegs@0                0040131d f   irvine32:Irvine32.obj
 0001:000004ef       _GetCommandtail@0          004014ef f   irvine32:Irvine32.obj
 0001:00000513       _GetDateTime@4             00401513 f   irvine32:Irvine32.obj
 0001:00000545       _GetMaxXY@0                00401545 f   irvine32:Irvine32.obj
 0001:00000578       _GetMseconds@0             00401578 f   irvine32:Irvine32.obj
 0001:000005d5       _Gotoxy@0                  004015d5 f   irvine32:Irvine32.obj
 0001:0000060b       _IsDigit@0                 0040160b f   irvine32:Irvine32.obj
 0001:00000618       _RandomRange@0             00401618 f   irvine32:Irvine32.obj
 0001:0000062d       _Random32@0                0040162d f   irvine32:Irvine32.obj
 0001:00000648       _Randomize@0               00401648 f   irvine32:Irvine32.obj
 0001:00000661       _ReadChar@0                00401661 f   irvine32:Irvine32.obj
 0001:000006c1       _ReadDec@0                 004016c1 f   irvine32:Irvine32.obj
 0001:0000072e       _ReadHex@0                 0040172e f   irvine32:Irvine32.obj
 0001:000007a9       _ReadInt@0                 004017a9 f   irvine32:Irvine32.obj
 0001:0000086b       _ReadString@0              0040186b f   irvine32:Irvine32.obj
 0001:00000918       _SetTextColor@0            00401918 f   irvine32:Irvine32.obj
 0001:0000093d       _Str_compare@8             0040193d f   irvine32:Irvine32.obj
 0001:00000967       _Str_copy@8                00401967 f   irvine32:Irvine32.obj
 0001:0000098a       _Str_length@4              0040198a f   irvine32:Irvine32.obj
 0001:000009a4       _Str_trim@8                004019a4 f   irvine32:Irvine32.obj
 0001:000009d1       _Str_ucase@4               004019d1 f   irvine32:Irvine32.obj
 0001:000009f3       _WaitMsg@0                 004019f3 f   irvine32:Irvine32.obj
 0001:00000a47       _WriteBin@0                00401a47 f   irvine32:Irvine32.obj
 0001:00000a54       _WriteBinB@0               00401a54 f   irvine32:Irvine32.obj
 0001:00000aa7       _WriteChar@0               00401aa7 f   irvine32:Irvine32.obj
 0001:00000ad9       _WriteDec@0                00401ad9 f   irvine32:Irvine32.obj
 0001:00000b1a       _WriteHex@0                00401b1a f   irvine32:Irvine32.obj
 0001:00000b27       _WriteHexB@0               00401b27 f   irvine32:Irvine32.obj
 0001:00000bb9       _WriteInt@0                00401bb9 f   irvine32:Irvine32.obj
 0001:00000c1a       _WriteString@0             00401c1a f   irvine32:Irvine32.obj
 0001:00000ca6       _ExitProcess@4             00401ca6 f   kernel32:KERNEL32.dll
 0001:00000cac       _FlushConsoleInputBuffer@4 00401cac f   kernel32:KERNEL32.dll
 0001:00000cb2       _GetCommandLineA@0         00401cb2 f   kernel32:KERNEL32.dll
 0001:00000cb8       _GetConsoleMode@8          00401cb8 f   kernel32:KERNEL32.dll
 0001:00000cbe       _GetConsoleScreenBufferInfo@8 00401cbe f   kernel32:KERNEL32.dll
 0001:00000cc4       _GetLocalTime@4            00401cc4 f   kernel32:KERNEL32.dll
 0001:00000cca       _GetStdHandle@4            00401cca f   kernel32:KERNEL32.dll
 0001:00000cd0       _GetSystemTime@4           00401cd0 f   kernel32:KERNEL32.dll
 0001:00000cd6       _ReadConsoleA@20           00401cd6 f   kernel32:KERNEL32.dll
 0001:00000cdc       _SetConsoleCursorPosition@8 00401cdc f   kernel32:KERNEL32.dll
 0001:00000ce2       _SetConsoleMode@8          00401ce2 f   kernel32:KERNEL32.dll
 0001:00000ce8       _SetConsoleTextAttribute@8 00401ce8 f   kernel32:KERNEL32.dll
 0001:00000cee       _Sleep@4                   00401cee f   kernel32:KERNEL32.dll
 0001:00000cf4       _SystemTimeToFileTime@8    00401cf4 f   kernel32:KERNEL32.dll
 0001:00000cfa       _WriteConsoleA@20          00401cfa f   kernel32:KERNEL32.dll
 0001:00000d00       _WriteConsoleOutputCharacterA@20 00401d00 f   kernel32:KERNEL32.dll
 0001:00000d06       _WriteConsoleOutputAttribute@20 00401d06 f   kernel32:KERNEL32.dll
 0004:00000000       __IMPORT_DESCRIPTOR_KERNEL32 00405000     kernel32:KERNEL32.dll
 0004:00000014       __NULL_IMPORT_DESCRIPTOR   00405014     kernel32:KERNEL32.dll
 0004:000000a4       __imp__ExitProcess@4       004050a4     kernel32:KERNEL32.dll
 0004:000000a8       __imp__FlushConsoleInputBuffer@4 004050a8     kernel32:KERNEL32.dll
 0004:000000ac       __imp__GetCommandLineA@0   004050ac     kernel32:KERNEL32.dll
 0004:000000b0       __imp__GetConsoleMode@8    004050b0     kernel32:KERNEL32.dll
 0004:000000b4       __imp__GetConsoleScreenBufferInfo@8 004050b4     kernel32:KERNEL32.dll
 0004:000000b8       __imp__GetLocalTime@4      004050b8     kernel32:KERNEL32.dll
 0004:000000bc       __imp__GetStdHandle@4      004050bc     kernel32:KERNEL32.dll
 0004:000000c0       __imp__GetSystemTime@4     004050c0     kernel32:KERNEL32.dll
 0004:000000c4       __imp__ReadConsoleA@20     004050c4     kernel32:KERNEL32.dll
 0004:000000c8       __imp__SetConsoleCursorPosition@8 004050c8     kernel32:KERNEL32.dll
 0004:000000cc       __imp__SetConsoleMode@8    004050cc     kernel32:KERNEL32.dll
 0004:000000d0       __imp__SetConsoleTextAttribute@8 004050d0     kernel32:KERNEL32.dll
 0004:000000d4       __imp__Sleep@4             004050d4     kernel32:KERNEL32.dll
 0004:000000d8       __imp__SystemTimeToFileTime@8 004050d8     kernel32:KERNEL32.dll
 0004:000000dc       __imp__WriteConsoleA@20    004050dc     kernel32:KERNEL32.dll
 0004:000000e0       __imp__WriteConsoleOutputCharacterA@20 004050e0     kernel32:KERNEL32.dll
 0004:000000e4       __imp__WriteConsoleOutputAttribute@20 004050e4     kernel32:KERNEL32.dll
 0004:000000e8       \177KERNEL32_NULL_THUNK_DATA 004050e8     kernel32:KERNEL32.dll

 entry point at        0001:00000044

